[www.facebook.com/login.html]
[backblue.gif]
[fade.gif]
[index.html]
[www.facebook.com/login4964.html]
[www.facebook.com/osd.xml]
[static.xx.fbcdn.net/rsrc.php/v2/yO/r/bekMD-lCbkm.css]
[www.facebook.com/login/index.html]
[static.xx.fbcdn.net/rsrc.php/v2/yf/r/EoIlrSoklOH.css]
[static.xx.fbcdn.net/rsrc.php/v2/yW/r/sEpAygasRyW.css]
[static.xx.fbcdn.net/rsrc.php/v2/yY/r/9vnKgqabsHi.css]
[static.xx.fbcdn.net/rsrc.php/v2/y_/r/3ODC7VRUscl.css]
[static.xx.fbcdn.net/rsrc.php/v2/y3/r/6bIl72b-rkY.js]
[www.facebook.com/r3343.html]
[www.facebook.com/index.html]
[www.facebook.com/login/identifybd1e.html]
[www.facebook.com/r918c.html]
[www.facebook.com/r.html]
[www.facebook.com/lite/index.html]
[www.facebook.com/mobile/index30c2.html]
[www.facebook.com/directory/people/index.html]
[www.facebook.com/badges/index30c2.html]
[www.facebook.com/campaign/landing85ec.html]
[www.facebook.com/directory/pages/index.html]
[www.facebook.com/facebook.html]
[www.facebook.com/places/index.html]
[www.facebook.com/games/index.html]
[www.facebook.com/privacy/explanation.html]
[www.facebook.com/directory/places/index.html]
[www.facebook.com/directory/celebrities/index.html]
[www.facebook.com/help/568137493302217.html]
[www.facebook.com/directory/groups/index.html]
[www.facebook.com/pages/create/indexebd6.html]
[www.facebook.com/careers/index30c2.html]
[www.facebook.com/policies/index30c2.html]
[www.facebook.com/login6d9d.html]
[www.facebook.com/help/cookies/index1f60.html]
[www.facebook.com/help/index30c2.html]
[www.facebook.com/allactivity99e1]
[www.facebook.com/login.html]
[fbstatic-a.akamaihd.net/rsrc.php/v2/yO/r/bekMD-lCbkm.css]
[fbstatic-a.akamaihd.net/rsrc.php/v2/yf/r/EoIlrSoklOH.css]
[fbstatic-a.akamaihd.net/rsrc.php/v2/yW/r/sEpAygasRyW.css]
[fbstatic-a.akamaihd.net/rsrc.php/v2/yY/r/9vnKgqabsHi.css]
[fbstatic-a.akamaihd.net/rsrc.php/v2/y_/r/3ODC7VRUscl.css]
[www.facebook.com/login4964.html]
[fbstatic-a.akamaihd.net/rsrc.php/v2/yM/r/QWNoq83tSF9.js]
[www.facebook.com/login/index.html]
[static.xx.fbcdn.net/rsrc.php/v2/yL/r/unHwF9CkMyM.png]
[static.xx.fbcdn.net/rsrc.php/v2/yV/r/2UqZwbwsa-s.png]
[static.xx.fbcdn.net/rsrc.php/v2/yO/r/bekMD-lCbkm.css]
[static.xx.fbcdn.net/rsrc.php/v2/yR/r/teE39sffXW8.png]
[static.xx.fbcdn.net/rsrc.php/v2/yO/r/mDoqfyl43x7.png]
[static.xx.fbcdn.net/rsrc.php/v2/y6/r/eFrKTvRvpX9.png]
[static.xx.fbcdn.net/rsrc.php/v2/yu/r/ihdxZr4UqO6.png]
[static.xx.fbcdn.net/rsrc.php/v2/yf/r/EoIlrSoklOH.css]
[static.xx.fbcdn.net/rsrc.php/v2/y4/r/fJk1hn27xni.png]
[static.xx.fbcdn.net/rsrc.php/v2/yL/r/Fy3hs8lKW0M.png]
[static.xx.fbcdn.net/rsrc.php/v2/ym/r/yXpRAoZ0irQ.png]
[static.xx.fbcdn.net/rsrc.php/v2/yW/r/sEpAygasRyW.css]
[static.xx.fbcdn.net/rsrc.php/v2/yY/r/9vnKgqabsHi.css]
[static.xx.fbcdn.net/rsrc.php/v2/y_/r/3ODC7VRUscl.css]
[static.xx.fbcdn.net/rsrc.php/v2/y3/r/6bIl72b-rkY.js]
[www.facebook.com/index.html]
[www.facebook.com/r3343.html]
[www.facebook.com/login/identifybd1e.html]
[www.facebook.com/r918c.html]
[www.facebook.com/r.html]
[www.facebook.com/lite/index.html]
[www.facebook.com/mobile/index30c2.html]
[www.facebook.com/friends/requests/index1184.html]
[www.facebook.com/badges/index30c2.html]
[www.facebook.com/directory/people/index.html]
[www.facebook.com/directory/pages/index.html]
[www.facebook.com/places/index.html]
[www.facebook.com/games/index.html]
[www.facebook.com/directory/places/index.html]
[www.facebook.com/directory/celebrities/index.html]
[www.facebook.com/directory/groups/index.html]
[www.facebook.com/facebook.html]
[www.facebook.com/campaign/landing85ec.html]
[www.facebook.com/pages/create/indexebd6.html]
[www.facebook.com/careers/index30c2.html]
[www.facebook.com/privacy/explanation.html]
[www.facebook.com/help/cookies/index1f60.html]
[www.facebook.com/help/568137493302217.html]
[www.facebook.com/policies/index30c2.html]
[www.facebook.com/help/index30c2.html]
[www.facebook.com/login6d9d.html]
[www.facebook.com/allactivity99e1.html]
[fbstatic-a.akamaihd.net/rsrc.php/v2/yO/r/bekMD-lCbkm.css]
[fbstatic-a.akamaihd.net/rsrc.php/v2/yf/r/EoIlrSoklOH.css]
[fbstatic-a.akamaihd.net/rsrc.php/v2/yW/r/sEpAygasRyW.css]
[fbstatic-a.akamaihd.net/rsrc.php/v2/yY/r/9vnKgqabsHi.css]
[fbstatic-a.akamaihd.net/rsrc.php/v2/y_/r/3ODC7VRUscl.css]
[fbstatic-a.akamaihd.net/rsrc.php/v2/yM/r/QWNoq83tSF9.js]
[static.xx.fbcdn.net/rsrc.php/v2/ym/r/yXpRAoZ0irQ.html]
